Starting run_individual_location test...
⚠️  Retrying MERRA2 download (attempt 2/5)...
⚠️  Retrying MERRA2 download (attempt 3/5)...
⚠️  Retrying MERRA2 download (attempt 4/5)...
⚠️  Retrying MERRA2 download (attempt 5/5)...
Exception during run_individual_location:
Traceback (most recent call last):
  File "/Users/cbianchi/opt/anaconda3/envs/EPWgen/lib/python3.11/site-packages/urllib3/connectionpool.py", line 464, in _make_request
    self._validate_conn(conn)
  File "/Users/cbianchi/opt/anaconda3/envs/EPWgen/lib/python3.11/site-packages/urllib3/connectionpool.py", line 1093, in _validate_conn
    conn.connect()
  File "/Users/cbianchi/opt/anaconda3/envs/EPWgen/lib/python3.11/site-packages/urllib3/connection.py", line 796, in connect
    sock_and_verified = _ssl_wrap_socket_and_match_hostname(
                        ^^^^^^^^^^^^^^^^^^^^^^^^^^^^^^^^^^^^
  File "/Users/cbianchi/opt/anaconda3/envs/EPWgen/lib/python3.11/site-packages/urllib3/connection.py", line 975, in _ssl_wrap_socket_and_match_hostname
    ssl_sock = ssl_wrap_socket(
               ^^^^^^^^^^^^^^^^
  File "/Users/cbianchi/opt/anaconda3/envs/EPWgen/lib/python3.11/site-packages/urllib3/util/ssl_.py", line 483, in ssl_wrap_socket
    ssl_sock = _ssl_wrap_socket_impl(sock, context, tls_in_tls, server_hostname)
               ^^^^^^^^^^^^^^^^^^^^^^^^^^^^^^^^^^^^^^^^^^^^^^^^^^^^^^^^^^^^^^^^^
  File "/Users/cbianchi/opt/anaconda3/envs/EPWgen/lib/python3.11/site-packages/urllib3/util/ssl_.py", line 527, in _ssl_wrap_socket_impl
    return ssl_context.wrap_socket(sock, server_hostname=server_hostname)
           ^^^^^^^^^^^^^^^^^^^^^^^^^^^^^^^^^^^^^^^^^^^^^^^^^^^^^^^^^^^^^^
  File "/Users/cbianchi/opt/anaconda3/envs/EPWgen/lib/python3.11/ssl.py", line 517, in wrap_socket
    return self.sslsocket_class._create(
           ^^^^^^^^^^^^^^^^^^^^^^^^^^^^^
  File "/Users/cbianchi/opt/anaconda3/envs/EPWgen/lib/python3.11/ssl.py", line 1104, in _create
    self.do_handshake()
  File "/Users/cbianchi/opt/anaconda3/envs/EPWgen/lib/python3.11/ssl.py", line 1382, in do_handshake
    self._sslobj.do_handshake()
ssl.SSLCertVerificationError: [SSL: CERTIFICATE_VERIFY_FAILED] certificate verify failed: self-signed certificate in certificate chain (_ssl.c:1016)

During handling of the above exception, another exception occurred:

Traceback (most recent call last):
  File "/Users/cbianchi/opt/anaconda3/envs/EPWgen/lib/python3.11/site-packages/urllib3/connectionpool.py", line 787, in urlopen
    response = self._make_request(
               ^^^^^^^^^^^^^^^^^^^
  File "/Users/cbianchi/opt/anaconda3/envs/EPWgen/lib/python3.11/site-packages/urllib3/connectionpool.py", line 488, in _make_request
    raise new_e
urllib3.exceptions.SSLError: [SSL: CERTIFICATE_VERIFY_FAILED] certificate verify failed: self-signed certificate in certificate chain (_ssl.c:1016)

The above exception was the direct cause of the following exception:

Traceback (most recent call last):
  File "/Users/cbianchi/opt/anaconda3/envs/EPWgen/lib/python3.11/site-packages/requests/adapters.py", line 644, in send
    resp = conn.urlopen(
           ^^^^^^^^^^^^^
  File "/Users/cbianchi/opt/anaconda3/envs/EPWgen/lib/python3.11/site-packages/urllib3/connectionpool.py", line 841, in urlopen
    retries = retries.increment(
              ^^^^^^^^^^^^^^^^^^
  File "/Users/cbianchi/opt/anaconda3/envs/EPWgen/lib/python3.11/site-packages/urllib3/util/retry.py", line 519, in increment
    raise MaxRetryError(_pool, url, reason) from reason  # type: ignore[arg-type]
    ^^^^^^^^^^^^^^^^^^^^^^^^^^^^^^^^^^^^^^^^^^^^^^^^^^^
urllib3.exceptions.MaxRetryError: HTTPSConnectionPool(host='power.larc.nasa.gov', port=443): Max retries exceeded with url: /api/temporal/hourly/point?community=SB&parameters=&longitude=-84.6667&latitude=39.05&start=20240101&end=20241231&format=EPW (Caused by SSLError(SSLCertVerificationError(1, '[SSL: CERTIFICATE_VERIFY_FAILED] certificate verify failed: self-signed certificate in certificate chain (_ssl.c:1016)')))

During handling of the above exception, another exception occurred:

Traceback (most recent call last):
  File "/Users/cbianchi/Documents/GitHub/EPWgen/epwgen/methods.py", line 245, in get_parameters_MERRA2
    response = requests.get(api_endpoint, timeout=30, verify=verify_arg)
               ^^^^^^^^^^^^^^^^^^^^^^^^^^^^^^^^^^^^^^^^^^^^^^^^^^^^^^^^^
  File "/Users/cbianchi/opt/anaconda3/envs/EPWgen/lib/python3.11/site-packages/requests/api.py", line 73, in get
    return request("get", url, params=params, **kwargs)
           ^^^^^^^^^^^^^^^^^^^^^^^^^^^^^^^^^^^^^^^^^^^^
  File "/Users/cbianchi/opt/anaconda3/envs/EPWgen/lib/python3.11/site-packages/requests/api.py", line 59, in request
    return session.request(method=method, url=url, **kwargs)
           ^^^^^^^^^^^^^^^^^^^^^^^^^^^^^^^^^^^^^^^^^^^^^^^^^
  File "/Users/cbianchi/opt/anaconda3/envs/EPWgen/lib/python3.11/site-packages/requests/sessions.py", line 589, in request
    resp = self.send(prep, **send_kwargs)
           ^^^^^^^^^^^^^^^^^^^^^^^^^^^^^^
  File "/Users/cbianchi/opt/anaconda3/envs/EPWgen/lib/python3.11/site-packages/requests/sessions.py", line 703, in send
    r = adapter.send(request, **kwargs)
        ^^^^^^^^^^^^^^^^^^^^^^^^^^^^^^^
  File "/Users/cbianchi/opt/anaconda3/envs/EPWgen/lib/python3.11/site-packages/requests/adapters.py", line 675, in send
    raise SSLError(e, request=request)
requests.exceptions.SSLError: HTTPSConnectionPool(host='power.larc.nasa.gov', port=443): Max retries exceeded with url: /api/temporal/hourly/point?community=SB&parameters=&longitude=-84.6667&latitude=39.05&start=20240101&end=20241231&format=EPW (Caused by SSLError(SSLCertVerificationError(1, '[SSL: CERTIFICATE_VERIFY_FAILED] certificate verify failed: self-signed certificate in certificate chain (_ssl.c:1016)')))

During handling of the above exception, another exception occurred:

Traceback (most recent call last):
  File "/Users/cbianchi/Documents/GitHub/EPWgen/epwgen/methods.py", line 446, in get_noaa_merra2_data
    df_merra2, header_merra2 = get_parameters_MERRA2(latitude_station, longitude_station, year)
                               ^^^^^^^^^^^^^^^^^^^^^^^^^^^^^^^^^^^^^^^^^^^^^^^^^^^^^^^^^^^^^^^^
  File "/Users/cbianchi/Documents/GitHub/EPWgen/epwgen/methods.py", line 254, in get_parameters_MERRA2
    raise requests.exceptions.SSLError(msg)
requests.exceptions.SSLError: SSL verification failed when connecting to https://power.larc.nasa.gov/api/temporal/hourly/point?community=SB&parameters=&longitude=-84.6667&latitude=39.05&start=20240101&end=20241231&format=EPW: HTTPSConnectionPool(host='power.larc.nasa.gov', port=443): Max retries exceeded with url: /api/temporal/hourly/point?community=SB&parameters=&longitude=-84.6667&latitude=39.05&start=20240101&end=20241231&format=EPW (Caused by SSLError(SSLCertVerificationError(1, '[SSL: CERTIFICATE_VERIFY_FAILED] certificate verify failed: self-signed certificate in certificate chain (_ssl.c:1016)'))).
Requests was using verify=/Users/cbianchi/opt/anaconda3/envs/EPWgen/lib/python3.11/site-packages/certifi/cacert.pem.
If you are on a network with SSL interception (corporate proxy), export the proxy's root cert and set EPWGEN_CA_BUNDLE to its path, or set EPWGEN_VERIFY=0 for debugging.

During handling of the above exception, another exception occurred:

Traceback (most recent call last):
  File "/Users/cbianchi/opt/anaconda3/envs/EPWgen/lib/python3.11/site-packages/urllib3/connectionpool.py", line 464, in _make_request
    self._validate_conn(conn)
  File "/Users/cbianchi/opt/anaconda3/envs/EPWgen/lib/python3.11/site-packages/urllib3/connectionpool.py", line 1093, in _validate_conn
    conn.connect()
  File "/Users/cbianchi/opt/anaconda3/envs/EPWgen/lib/python3.11/site-packages/urllib3/connection.py", line 796, in connect
    sock_and_verified = _ssl_wrap_socket_and_match_hostname(
                        ^^^^^^^^^^^^^^^^^^^^^^^^^^^^^^^^^^^^
  File "/Users/cbianchi/opt/anaconda3/envs/EPWgen/lib/python3.11/site-packages/urllib3/connection.py", line 975, in _ssl_wrap_socket_and_match_hostname
    ssl_sock = ssl_wrap_socket(
               ^^^^^^^^^^^^^^^^
  File "/Users/cbianchi/opt/anaconda3/envs/EPWgen/lib/python3.11/site-packages/urllib3/util/ssl_.py", line 483, in ssl_wrap_socket
    ssl_sock = _ssl_wrap_socket_impl(sock, context, tls_in_tls, server_hostname)
               ^^^^^^^^^^^^^^^^^^^^^^^^^^^^^^^^^^^^^^^^^^^^^^^^^^^^^^^^^^^^^^^^^
  File "/Users/cbianchi/opt/anaconda3/envs/EPWgen/lib/python3.11/site-packages/urllib3/util/ssl_.py", line 527, in _ssl_wrap_socket_impl
    return ssl_context.wrap_socket(sock, server_hostname=server_hostname)
           ^^^^^^^^^^^^^^^^^^^^^^^^^^^^^^^^^^^^^^^^^^^^^^^^^^^^^^^^^^^^^^
  File "/Users/cbianchi/opt/anaconda3/envs/EPWgen/lib/python3.11/ssl.py", line 517, in wrap_socket
    return self.sslsocket_class._create(
           ^^^^^^^^^^^^^^^^^^^^^^^^^^^^^
  File "/Users/cbianchi/opt/anaconda3/envs/EPWgen/lib/python3.11/ssl.py", line 1104, in _create
    self.do_handshake()
  File "/Users/cbianchi/opt/anaconda3/envs/EPWgen/lib/python3.11/ssl.py", line 1382, in do_handshake
    self._sslobj.do_handshake()
ssl.SSLCertVerificationError: [SSL: CERTIFICATE_VERIFY_FAILED] certificate verify failed: self-signed certificate in certificate chain (_ssl.c:1016)

During handling of the above exception, another exception occurred:

Traceback (most recent call last):
  File "/Users/cbianchi/opt/anaconda3/envs/EPWgen/lib/python3.11/site-packages/urllib3/connectionpool.py", line 787, in urlopen
    response = self._make_request(
               ^^^^^^^^^^^^^^^^^^^
  File "/Users/cbianchi/opt/anaconda3/envs/EPWgen/lib/python3.11/site-packages/urllib3/connectionpool.py", line 488, in _make_request
    raise new_e
urllib3.exceptions.SSLError: [SSL: CERTIFICATE_VERIFY_FAILED] certificate verify failed: self-signed certificate in certificate chain (_ssl.c:1016)

The above exception was the direct cause of the following exception:

Traceback (most recent call last):
  File "/Users/cbianchi/opt/anaconda3/envs/EPWgen/lib/python3.11/site-packages/requests/adapters.py", line 644, in send
    resp = conn.urlopen(
           ^^^^^^^^^^^^^
  File "/Users/cbianchi/opt/anaconda3/envs/EPWgen/lib/python3.11/site-packages/urllib3/connectionpool.py", line 841, in urlopen
    retries = retries.increment(
              ^^^^^^^^^^^^^^^^^^
  File "/Users/cbianchi/opt/anaconda3/envs/EPWgen/lib/python3.11/site-packages/urllib3/util/retry.py", line 519, in increment
    raise MaxRetryError(_pool, url, reason) from reason  # type: ignore[arg-type]
    ^^^^^^^^^^^^^^^^^^^^^^^^^^^^^^^^^^^^^^^^^^^^^^^^^^^
urllib3.exceptions.MaxRetryError: HTTPSConnectionPool(host='power.larc.nasa.gov', port=443): Max retries exceeded with url: /api/temporal/hourly/point?community=SB&parameters=&longitude=-84.6667&latitude=39.05&start=20240101&end=20241231&format=EPW (Caused by SSLError(SSLCertVerificationError(1, '[SSL: CERTIFICATE_VERIFY_FAILED] certificate verify failed: self-signed certificate in certificate chain (_ssl.c:1016)')))

During handling of the above exception, another exception occurred:

Traceback (most recent call last):
  File "/Users/cbianchi/Documents/GitHub/EPWgen/epwgen/methods.py", line 245, in get_parameters_MERRA2
    response = requests.get(api_endpoint, timeout=30, verify=verify_arg)
               ^^^^^^^^^^^^^^^^^^^^^^^^^^^^^^^^^^^^^^^^^^^^^^^^^^^^^^^^^
  File "/Users/cbianchi/opt/anaconda3/envs/EPWgen/lib/python3.11/site-packages/requests/api.py", line 73, in get
    return request("get", url, params=params, **kwargs)
           ^^^^^^^^^^^^^^^^^^^^^^^^^^^^^^^^^^^^^^^^^^^^
  File "/Users/cbianchi/opt/anaconda3/envs/EPWgen/lib/python3.11/site-packages/requests/api.py", line 59, in request
    return session.request(method=method, url=url, **kwargs)
           ^^^^^^^^^^^^^^^^^^^^^^^^^^^^^^^^^^^^^^^^^^^^^^^^^
  File "/Users/cbianchi/opt/anaconda3/envs/EPWgen/lib/python3.11/site-packages/requests/sessions.py", line 589, in request
    resp = self.send(prep, **send_kwargs)
           ^^^^^^^^^^^^^^^^^^^^^^^^^^^^^^
  File "/Users/cbianchi/opt/anaconda3/envs/EPWgen/lib/python3.11/site-packages/requests/sessions.py", line 703, in send
    r = adapter.send(request, **kwargs)
        ^^^^^^^^^^^^^^^^^^^^^^^^^^^^^^^
  File "/Users/cbianchi/opt/anaconda3/envs/EPWgen/lib/python3.11/site-packages/requests/adapters.py", line 675, in send
    raise SSLError(e, request=request)
requests.exceptions.SSLError: HTTPSConnectionPool(host='power.larc.nasa.gov', port=443): Max retries exceeded with url: /api/temporal/hourly/point?community=SB&parameters=&longitude=-84.6667&latitude=39.05&start=20240101&end=20241231&format=EPW (Caused by SSLError(SSLCertVerificationError(1, '[SSL: CERTIFICATE_VERIFY_FAILED] certificate verify failed: self-signed certificate in certificate chain (_ssl.c:1016)')))

During handling of the above exception, another exception occurred:

Traceback (most recent call last):
  File "/Users/cbianchi/Documents/GitHub/EPWgen/epwgen/methods.py", line 450, in get_noaa_merra2_data
    df_merra2, header_merra2 = get_parameters_MERRA2(latitude_station, longitude_station, year)
                               ^^^^^^^^^^^^^^^^^^^^^^^^^^^^^^^^^^^^^^^^^^^^^^^^^^^^^^^^^^^^^^^^
  File "/Users/cbianchi/Documents/GitHub/EPWgen/epwgen/methods.py", line 254, in get_parameters_MERRA2
    raise requests.exceptions.SSLError(msg)
requests.exceptions.SSLError: SSL verification failed when connecting to https://power.larc.nasa.gov/api/temporal/hourly/point?community=SB&parameters=&longitude=-84.6667&latitude=39.05&start=20240101&end=20241231&format=EPW: HTTPSConnectionPool(host='power.larc.nasa.gov', port=443): Max retries exceeded with url: /api/temporal/hourly/point?community=SB&parameters=&longitude=-84.6667&latitude=39.05&start=20240101&end=20241231&format=EPW (Caused by SSLError(SSLCertVerificationError(1, '[SSL: CERTIFICATE_VERIFY_FAILED] certificate verify failed: self-signed certificate in certificate chain (_ssl.c:1016)'))).
Requests was using verify=/Users/cbianchi/opt/anaconda3/envs/EPWgen/lib/python3.11/site-packages/certifi/cacert.pem.
If you are on a network with SSL interception (corporate proxy), export the proxy's root cert and set EPWGEN_CA_BUNDLE to its path, or set EPWGEN_VERIFY=0 for debugging.

During handling of the above exception, another exception occurred:

Traceback (most recent call last):
  File "/Users/cbianchi/opt/anaconda3/envs/EPWgen/lib/python3.11/site-packages/urllib3/connectionpool.py", line 464, in _make_request
    self._validate_conn(conn)
  File "/Users/cbianchi/opt/anaconda3/envs/EPWgen/lib/python3.11/site-packages/urllib3/connectionpool.py", line 1093, in _validate_conn
    conn.connect()
  File "/Users/cbianchi/opt/anaconda3/envs/EPWgen/lib/python3.11/site-packages/urllib3/connection.py", line 796, in connect
    sock_and_verified = _ssl_wrap_socket_and_match_hostname(
                        ^^^^^^^^^^^^^^^^^^^^^^^^^^^^^^^^^^^^
  File "/Users/cbianchi/opt/anaconda3/envs/EPWgen/lib/python3.11/site-packages/urllib3/connection.py", line 975, in _ssl_wrap_socket_and_match_hostname
    ssl_sock = ssl_wrap_socket(
               ^^^^^^^^^^^^^^^^
  File "/Users/cbianchi/opt/anaconda3/envs/EPWgen/lib/python3.11/site-packages/urllib3/util/ssl_.py", line 483, in ssl_wrap_socket
    ssl_sock = _ssl_wrap_socket_impl(sock, context, tls_in_tls, server_hostname)
               ^^^^^^^^^^^^^^^^^^^^^^^^^^^^^^^^^^^^^^^^^^^^^^^^^^^^^^^^^^^^^^^^^
  File "/Users/cbianchi/opt/anaconda3/envs/EPWgen/lib/python3.11/site-packages/urllib3/util/ssl_.py", line 527, in _ssl_wrap_socket_impl
    return ssl_context.wrap_socket(sock, server_hostname=server_hostname)
           ^^^^^^^^^^^^^^^^^^^^^^^^^^^^^^^^^^^^^^^^^^^^^^^^^^^^^^^^^^^^^^
  File "/Users/cbianchi/opt/anaconda3/envs/EPWgen/lib/python3.11/ssl.py", line 517, in wrap_socket
    return self.sslsocket_class._create(
           ^^^^^^^^^^^^^^^^^^^^^^^^^^^^^
  File "/Users/cbianchi/opt/anaconda3/envs/EPWgen/lib/python3.11/ssl.py", line 1104, in _create
    self.do_handshake()
  File "/Users/cbianchi/opt/anaconda3/envs/EPWgen/lib/python3.11/ssl.py", line 1382, in do_handshake
    self._sslobj.do_handshake()
ssl.SSLCertVerificationError: [SSL: CERTIFICATE_VERIFY_FAILED] certificate verify failed: self-signed certificate in certificate chain (_ssl.c:1016)

During handling of the above exception, another exception occurred:

Traceback (most recent call last):
  File "/Users/cbianchi/opt/anaconda3/envs/EPWgen/lib/python3.11/site-packages/urllib3/connectionpool.py", line 787, in urlopen
    response = self._make_request(
               ^^^^^^^^^^^^^^^^^^^
  File "/Users/cbianchi/opt/anaconda3/envs/EPWgen/lib/python3.11/site-packages/urllib3/connectionpool.py", line 488, in _make_request
    raise new_e
urllib3.exceptions.SSLError: [SSL: CERTIFICATE_VERIFY_FAILED] certificate verify failed: self-signed certificate in certificate chain (_ssl.c:1016)

The above exception was the direct cause of the following exception:

Traceback (most recent call last):
  File "/Users/cbianchi/opt/anaconda3/envs/EPWgen/lib/python3.11/site-packages/requests/adapters.py", line 644, in send
    resp = conn.urlopen(
           ^^^^^^^^^^^^^
  File "/Users/cbianchi/opt/anaconda3/envs/EPWgen/lib/python3.11/site-packages/urllib3/connectionpool.py", line 841, in urlopen
    retries = retries.increment(
              ^^^^^^^^^^^^^^^^^^
  File "/Users/cbianchi/opt/anaconda3/envs/EPWgen/lib/python3.11/site-packages/urllib3/util/retry.py", line 519, in increment
    raise MaxRetryError(_pool, url, reason) from reason  # type: ignore[arg-type]
    ^^^^^^^^^^^^^^^^^^^^^^^^^^^^^^^^^^^^^^^^^^^^^^^^^^^
urllib3.exceptions.MaxRetryError: HTTPSConnectionPool(host='power.larc.nasa.gov', port=443): Max retries exceeded with url: /api/temporal/hourly/point?community=SB&parameters=&longitude=-84.6667&latitude=39.05&start=20240101&end=20241231&format=EPW (Caused by SSLError(SSLCertVerificationError(1, '[SSL: CERTIFICATE_VERIFY_FAILED] certificate verify failed: self-signed certificate in certificate chain (_ssl.c:1016)')))

During handling of the above exception, another exception occurred:

Traceback (most recent call last):
  File "/Users/cbianchi/Documents/GitHub/EPWgen/epwgen/methods.py", line 245, in get_parameters_MERRA2
    response = requests.get(api_endpoint, timeout=30, verify=verify_arg)
               ^^^^^^^^^^^^^^^^^^^^^^^^^^^^^^^^^^^^^^^^^^^^^^^^^^^^^^^^^
  File "/Users/cbianchi/opt/anaconda3/envs/EPWgen/lib/python3.11/site-packages/requests/api.py", line 73, in get
    return request("get", url, params=params, **kwargs)
           ^^^^^^^^^^^^^^^^^^^^^^^^^^^^^^^^^^^^^^^^^^^^
  File "/Users/cbianchi/opt/anaconda3/envs/EPWgen/lib/python3.11/site-packages/requests/api.py", line 59, in request
    return session.request(method=method, url=url, **kwargs)
           ^^^^^^^^^^^^^^^^^^^^^^^^^^^^^^^^^^^^^^^^^^^^^^^^^
  File "/Users/cbianchi/opt/anaconda3/envs/EPWgen/lib/python3.11/site-packages/requests/sessions.py", line 589, in request
    resp = self.send(prep, **send_kwargs)
           ^^^^^^^^^^^^^^^^^^^^^^^^^^^^^^
  File "/Users/cbianchi/opt/anaconda3/envs/EPWgen/lib/python3.11/site-packages/requests/sessions.py", line 703, in send
    r = adapter.send(request, **kwargs)
        ^^^^^^^^^^^^^^^^^^^^^^^^^^^^^^^
  File "/Users/cbianchi/opt/anaconda3/envs/EPWgen/lib/python3.11/site-packages/requests/adapters.py", line 675, in send
    raise SSLError(e, request=request)
requests.exceptions.SSLError: HTTPSConnectionPool(host='power.larc.nasa.gov', port=443): Max retries exceeded with url: /api/temporal/hourly/point?community=SB&parameters=&longitude=-84.6667&latitude=39.05&start=20240101&end=20241231&format=EPW (Caused by SSLError(SSLCertVerificationError(1, '[SSL: CERTIFICATE_VERIFY_FAILED] certificate verify failed: self-signed certificate in certificate chain (_ssl.c:1016)')))

During handling of the above exception, another exception occurred:

Traceback (most recent call last):
  File "/Users/cbianchi/Documents/GitHub/EPWgen/epwgen/methods.py", line 454, in get_noaa_merra2_data
    df_merra2, header_merra2 = get_parameters_MERRA2(latitude_station, longitude_station, year)
                               ^^^^^^^^^^^^^^^^^^^^^^^^^^^^^^^^^^^^^^^^^^^^^^^^^^^^^^^^^^^^^^^^
  File "/Users/cbianchi/Documents/GitHub/EPWgen/epwgen/methods.py", line 254, in get_parameters_MERRA2
    raise requests.exceptions.SSLError(msg)
requests.exceptions.SSLError: SSL verification failed when connecting to https://power.larc.nasa.gov/api/temporal/hourly/point?community=SB&parameters=&longitude=-84.6667&latitude=39.05&start=20240101&end=20241231&format=EPW: HTTPSConnectionPool(host='power.larc.nasa.gov', port=443): Max retries exceeded with url: /api/temporal/hourly/point?community=SB&parameters=&longitude=-84.6667&latitude=39.05&start=20240101&end=20241231&format=EPW (Caused by SSLError(SSLCertVerificationError(1, '[SSL: CERTIFICATE_VERIFY_FAILED] certificate verify failed: self-signed certificate in certificate chain (_ssl.c:1016)'))).
Requests was using verify=/Users/cbianchi/opt/anaconda3/envs/EPWgen/lib/python3.11/site-packages/certifi/cacert.pem.
If you are on a network with SSL interception (corporate proxy), export the proxy's root cert and set EPWGEN_CA_BUNDLE to its path, or set EPWGEN_VERIFY=0 for debugging.

During handling of the above exception, another exception occurred:

Traceback (most recent call last):
  File "/Users/cbianchi/opt/anaconda3/envs/EPWgen/lib/python3.11/site-packages/urllib3/connectionpool.py", line 464, in _make_request
    self._validate_conn(conn)
  File "/Users/cbianchi/opt/anaconda3/envs/EPWgen/lib/python3.11/site-packages/urllib3/connectionpool.py", line 1093, in _validate_conn
    conn.connect()
  File "/Users/cbianchi/opt/anaconda3/envs/EPWgen/lib/python3.11/site-packages/urllib3/connection.py", line 796, in connect
    sock_and_verified = _ssl_wrap_socket_and_match_hostname(
                        ^^^^^^^^^^^^^^^^^^^^^^^^^^^^^^^^^^^^
  File "/Users/cbianchi/opt/anaconda3/envs/EPWgen/lib/python3.11/site-packages/urllib3/connection.py", line 975, in _ssl_wrap_socket_and_match_hostname
    ssl_sock = ssl_wrap_socket(
               ^^^^^^^^^^^^^^^^
  File "/Users/cbianchi/opt/anaconda3/envs/EPWgen/lib/python3.11/site-packages/urllib3/util/ssl_.py", line 483, in ssl_wrap_socket
    ssl_sock = _ssl_wrap_socket_impl(sock, context, tls_in_tls, server_hostname)
               ^^^^^^^^^^^^^^^^^^^^^^^^^^^^^^^^^^^^^^^^^^^^^^^^^^^^^^^^^^^^^^^^^
  File "/Users/cbianchi/opt/anaconda3/envs/EPWgen/lib/python3.11/site-packages/urllib3/util/ssl_.py", line 527, in _ssl_wrap_socket_impl
    return ssl_context.wrap_socket(sock, server_hostname=server_hostname)
           ^^^^^^^^^^^^^^^^^^^^^^^^^^^^^^^^^^^^^^^^^^^^^^^^^^^^^^^^^^^^^^
  File "/Users/cbianchi/opt/anaconda3/envs/EPWgen/lib/python3.11/ssl.py", line 517, in wrap_socket
    return self.sslsocket_class._create(
           ^^^^^^^^^^^^^^^^^^^^^^^^^^^^^
  File "/Users/cbianchi/opt/anaconda3/envs/EPWgen/lib/python3.11/ssl.py", line 1104, in _create
    self.do_handshake()
  File "/Users/cbianchi/opt/anaconda3/envs/EPWgen/lib/python3.11/ssl.py", line 1382, in do_handshake
    self._sslobj.do_handshake()
ssl.SSLCertVerificationError: [SSL: CERTIFICATE_VERIFY_FAILED] certificate verify failed: self-signed certificate in certificate chain (_ssl.c:1016)

During handling of the above exception, another exception occurred:

Traceback (most recent call last):
  File "/Users/cbianchi/opt/anaconda3/envs/EPWgen/lib/python3.11/site-packages/urllib3/connectionpool.py", line 787, in urlopen
    response = self._make_request(
               ^^^^^^^^^^^^^^^^^^^
  File "/Users/cbianchi/opt/anaconda3/envs/EPWgen/lib/python3.11/site-packages/urllib3/connectionpool.py", line 488, in _make_request
    raise new_e
urllib3.exceptions.SSLError: [SSL: CERTIFICATE_VERIFY_FAILED] certificate verify failed: self-signed certificate in certificate chain (_ssl.c:1016)

The above exception was the direct cause of the following exception:

Traceback (most recent call last):
  File "/Users/cbianchi/opt/anaconda3/envs/EPWgen/lib/python3.11/site-packages/requests/adapters.py", line 644, in send
    resp = conn.urlopen(
           ^^^^^^^^^^^^^
  File "/Users/cbianchi/opt/anaconda3/envs/EPWgen/lib/python3.11/site-packages/urllib3/connectionpool.py", line 841, in urlopen
    retries = retries.increment(
              ^^^^^^^^^^^^^^^^^^
  File "/Users/cbianchi/opt/anaconda3/envs/EPWgen/lib/python3.11/site-packages/urllib3/util/retry.py", line 519, in increment
    raise MaxRetryError(_pool, url, reason) from reason  # type: ignore[arg-type]
    ^^^^^^^^^^^^^^^^^^^^^^^^^^^^^^^^^^^^^^^^^^^^^^^^^^^
urllib3.exceptions.MaxRetryError: HTTPSConnectionPool(host='power.larc.nasa.gov', port=443): Max retries exceeded with url: /api/temporal/hourly/point?community=SB&parameters=&longitude=-84.6667&latitude=39.05&start=20240101&end=20241231&format=EPW (Caused by SSLError(SSLCertVerificationError(1, '[SSL: CERTIFICATE_VERIFY_FAILED] certificate verify failed: self-signed certificate in certificate chain (_ssl.c:1016)')))

During handling of the above exception, another exception occurred:

Traceback (most recent call last):
  File "/Users/cbianchi/Documents/GitHub/EPWgen/epwgen/methods.py", line 245, in get_parameters_MERRA2
    response = requests.get(api_endpoint, timeout=30, verify=verify_arg)
               ^^^^^^^^^^^^^^^^^^^^^^^^^^^^^^^^^^^^^^^^^^^^^^^^^^^^^^^^^
  File "/Users/cbianchi/opt/anaconda3/envs/EPWgen/lib/python3.11/site-packages/requests/api.py", line 73, in get
    return request("get", url, params=params, **kwargs)
           ^^^^^^^^^^^^^^^^^^^^^^^^^^^^^^^^^^^^^^^^^^^^
  File "/Users/cbianchi/opt/anaconda3/envs/EPWgen/lib/python3.11/site-packages/requests/api.py", line 59, in request
    return session.request(method=method, url=url, **kwargs)
           ^^^^^^^^^^^^^^^^^^^^^^^^^^^^^^^^^^^^^^^^^^^^^^^^^
  File "/Users/cbianchi/opt/anaconda3/envs/EPWgen/lib/python3.11/site-packages/requests/sessions.py", line 589, in request
    resp = self.send(prep, **send_kwargs)
           ^^^^^^^^^^^^^^^^^^^^^^^^^^^^^^
  File "/Users/cbianchi/opt/anaconda3/envs/EPWgen/lib/python3.11/site-packages/requests/sessions.py", line 703, in send
    r = adapter.send(request, **kwargs)
        ^^^^^^^^^^^^^^^^^^^^^^^^^^^^^^^
  File "/Users/cbianchi/opt/anaconda3/envs/EPWgen/lib/python3.11/site-packages/requests/adapters.py", line 675, in send
    raise SSLError(e, request=request)
requests.exceptions.SSLError: HTTPSConnectionPool(host='power.larc.nasa.gov', port=443): Max retries exceeded with url: /api/temporal/hourly/point?community=SB&parameters=&longitude=-84.6667&latitude=39.05&start=20240101&end=20241231&format=EPW (Caused by SSLError(SSLCertVerificationError(1, '[SSL: CERTIFICATE_VERIFY_FAILED] certificate verify failed: self-signed certificate in certificate chain (_ssl.c:1016)')))

During handling of the above exception, another exception occurred:

Traceback (most recent call last):
  File "/Users/cbianchi/Documents/GitHub/EPWgen/epwgen/methods.py", line 458, in get_noaa_merra2_data
    df_merra2, header_merra2 = get_parameters_MERRA2(latitude_station, longitude_station, year)
                               ^^^^^^^^^^^^^^^^^^^^^^^^^^^^^^^^^^^^^^^^^^^^^^^^^^^^^^^^^^^^^^^^
  File "/Users/cbianchi/Documents/GitHub/EPWgen/epwgen/methods.py", line 254, in get_parameters_MERRA2
    raise requests.exceptions.SSLError(msg)
requests.exceptions.SSLError: SSL verification failed when connecting to https://power.larc.nasa.gov/api/temporal/hourly/point?community=SB&parameters=&longitude=-84.6667&latitude=39.05&start=20240101&end=20241231&format=EPW: HTTPSConnectionPool(host='power.larc.nasa.gov', port=443): Max retries exceeded with url: /api/temporal/hourly/point?community=SB&parameters=&longitude=-84.6667&latitude=39.05&start=20240101&end=20241231&format=EPW (Caused by SSLError(SSLCertVerificationError(1, '[SSL: CERTIFICATE_VERIFY_FAILED] certificate verify failed: self-signed certificate in certificate chain (_ssl.c:1016)'))).
Requests was using verify=/Users/cbianchi/opt/anaconda3/envs/EPWgen/lib/python3.11/site-packages/certifi/cacert.pem.
If you are on a network with SSL interception (corporate proxy), export the proxy's root cert and set EPWGEN_CA_BUNDLE to its path, or set EPWGEN_VERIFY=0 for debugging.

During handling of the above exception, another exception occurred:

Traceback (most recent call last):
  File "/Users/cbianchi/opt/anaconda3/envs/EPWgen/lib/python3.11/site-packages/urllib3/connectionpool.py", line 464, in _make_request
    self._validate_conn(conn)
  File "/Users/cbianchi/opt/anaconda3/envs/EPWgen/lib/python3.11/site-packages/urllib3/connectionpool.py", line 1093, in _validate_conn
    conn.connect()
  File "/Users/cbianchi/opt/anaconda3/envs/EPWgen/lib/python3.11/site-packages/urllib3/connection.py", line 796, in connect
    sock_and_verified = _ssl_wrap_socket_and_match_hostname(
                        ^^^^^^^^^^^^^^^^^^^^^^^^^^^^^^^^^^^^
  File "/Users/cbianchi/opt/anaconda3/envs/EPWgen/lib/python3.11/site-packages/urllib3/connection.py", line 975, in _ssl_wrap_socket_and_match_hostname
    ssl_sock = ssl_wrap_socket(
               ^^^^^^^^^^^^^^^^
  File "/Users/cbianchi/opt/anaconda3/envs/EPWgen/lib/python3.11/site-packages/urllib3/util/ssl_.py", line 483, in ssl_wrap_socket
    ssl_sock = _ssl_wrap_socket_impl(sock, context, tls_in_tls, server_hostname)
               ^^^^^^^^^^^^^^^^^^^^^^^^^^^^^^^^^^^^^^^^^^^^^^^^^^^^^^^^^^^^^^^^^
  File "/Users/cbianchi/opt/anaconda3/envs/EPWgen/lib/python3.11/site-packages/urllib3/util/ssl_.py", line 527, in _ssl_wrap_socket_impl
    return ssl_context.wrap_socket(sock, server_hostname=server_hostname)
           ^^^^^^^^^^^^^^^^^^^^^^^^^^^^^^^^^^^^^^^^^^^^^^^^^^^^^^^^^^^^^^
  File "/Users/cbianchi/opt/anaconda3/envs/EPWgen/lib/python3.11/ssl.py", line 517, in wrap_socket
    return self.sslsocket_class._create(
           ^^^^^^^^^^^^^^^^^^^^^^^^^^^^^
  File "/Users/cbianchi/opt/anaconda3/envs/EPWgen/lib/python3.11/ssl.py", line 1104, in _create
    self.do_handshake()
  File "/Users/cbianchi/opt/anaconda3/envs/EPWgen/lib/python3.11/ssl.py", line 1382, in do_handshake
    self._sslobj.do_handshake()
ssl.SSLCertVerificationError: [SSL: CERTIFICATE_VERIFY_FAILED] certificate verify failed: self-signed certificate in certificate chain (_ssl.c:1016)

During handling of the above exception, another exception occurred:

Traceback (most recent call last):
  File "/Users/cbianchi/opt/anaconda3/envs/EPWgen/lib/python3.11/site-packages/urllib3/connectionpool.py", line 787, in urlopen
    response = self._make_request(
               ^^^^^^^^^^^^^^^^^^^
  File "/Users/cbianchi/opt/anaconda3/envs/EPWgen/lib/python3.11/site-packages/urllib3/connectionpool.py", line 488, in _make_request
    raise new_e
urllib3.exceptions.SSLError: [SSL: CERTIFICATE_VERIFY_FAILED] certificate verify failed: self-signed certificate in certificate chain (_ssl.c:1016)

The above exception was the direct cause of the following exception:

Traceback (most recent call last):
  File "/Users/cbianchi/opt/anaconda3/envs/EPWgen/lib/python3.11/site-packages/requests/adapters.py", line 644, in send
    resp = conn.urlopen(
           ^^^^^^^^^^^^^
  File "/Users/cbianchi/opt/anaconda3/envs/EPWgen/lib/python3.11/site-packages/urllib3/connectionpool.py", line 841, in urlopen
    retries = retries.increment(
              ^^^^^^^^^^^^^^^^^^
  File "/Users/cbianchi/opt/anaconda3/envs/EPWgen/lib/python3.11/site-packages/urllib3/util/retry.py", line 519, in increment
    raise MaxRetryError(_pool, url, reason) from reason  # type: ignore[arg-type]
    ^^^^^^^^^^^^^^^^^^^^^^^^^^^^^^^^^^^^^^^^^^^^^^^^^^^
urllib3.exceptions.MaxRetryError: HTTPSConnectionPool(host='power.larc.nasa.gov', port=443): Max retries exceeded with url: /api/temporal/hourly/point?community=SB&parameters=&longitude=-84.6667&latitude=39.05&start=20240101&end=20241231&format=EPW (Caused by SSLError(SSLCertVerificationError(1, '[SSL: CERTIFICATE_VERIFY_FAILED] certificate verify failed: self-signed certificate in certificate chain (_ssl.c:1016)')))

During handling of the above exception, another exception occurred:

Traceback (most recent call last):
  File "/Users/cbianchi/Documents/GitHub/EPWgen/epwgen/methods.py", line 245, in get_parameters_MERRA2
    response = requests.get(api_endpoint, timeout=30, verify=verify_arg)
               ^^^^^^^^^^^^^^^^^^^^^^^^^^^^^^^^^^^^^^^^^^^^^^^^^^^^^^^^^
  File "/Users/cbianchi/opt/anaconda3/envs/EPWgen/lib/python3.11/site-packages/requests/api.py", line 73, in get
    return request("get", url, params=params, **kwargs)
           ^^^^^^^^^^^^^^^^^^^^^^^^^^^^^^^^^^^^^^^^^^^^
  File "/Users/cbianchi/opt/anaconda3/envs/EPWgen/lib/python3.11/site-packages/requests/api.py", line 59, in request
    return session.request(method=method, url=url, **kwargs)
           ^^^^^^^^^^^^^^^^^^^^^^^^^^^^^^^^^^^^^^^^^^^^^^^^^
  File "/Users/cbianchi/opt/anaconda3/envs/EPWgen/lib/python3.11/site-packages/requests/sessions.py", line 589, in request
    resp = self.send(prep, **send_kwargs)
           ^^^^^^^^^^^^^^^^^^^^^^^^^^^^^^
  File "/Users/cbianchi/opt/anaconda3/envs/EPWgen/lib/python3.11/site-packages/requests/sessions.py", line 703, in send
    r = adapter.send(request, **kwargs)
        ^^^^^^^^^^^^^^^^^^^^^^^^^^^^^^^
  File "/Users/cbianchi/opt/anaconda3/envs/EPWgen/lib/python3.11/site-packages/requests/adapters.py", line 675, in send
    raise SSLError(e, request=request)
requests.exceptions.SSLError: HTTPSConnectionPool(host='power.larc.nasa.gov', port=443): Max retries exceeded with url: /api/temporal/hourly/point?community=SB&parameters=&longitude=-84.6667&latitude=39.05&start=20240101&end=20241231&format=EPW (Caused by SSLError(SSLCertVerificationError(1, '[SSL: CERTIFICATE_VERIFY_FAILED] certificate verify failed: self-signed certificate in certificate chain (_ssl.c:1016)')))

During handling of the above exception, another exception occurred:

Traceback (most recent call last):
  File "/Users/cbianchi/Documents/GitHub/EPWgen/run_no_gui.py", line 15, in <module>
    out = run_individual_location(lat, lon, year, file_type, save_folder, save_name)
          ^^^^^^^^^^^^^^^^^^^^^^^^^^^^^^^^^^^^^^^^^^^^^^^^^^^^^^^^^^^^^^^^^^^^^^^^^^
  File "/Users/cbianchi/Documents/GitHub/EPWgen/epwgen/methods.py", line 518, in run_individual_location
    data_meteostat_merra2, retrieve_status, info_dict, hdd, cdd, wmo, latitude_station, longitude_station, epw_exists, flags = get_noaa_merra2_data(lat, lon, year, file_type, save_folder, save_name)
                                                                                                                               ^^^^^^^^^^^^^^^^^^^^^^^^^^^^^^^^^^^^^^^^^^^^^^^^^^^^^^^^^^^^^^^^^^^^^^^
  File "/Users/cbianchi/Documents/GitHub/EPWgen/epwgen/methods.py", line 461, in get_noaa_merra2_data
    df_merra2, header_merra2 = get_parameters_MERRA2(latitude_station, longitude_station, year)
                               ^^^^^^^^^^^^^^^^^^^^^^^^^^^^^^^^^^^^^^^^^^^^^^^^^^^^^^^^^^^^^^^^
  File "/Users/cbianchi/Documents/GitHub/EPWgen/epwgen/methods.py", line 254, in get_parameters_MERRA2
    raise requests.exceptions.SSLError(msg)
requests.exceptions.SSLError: SSL verification failed when connecting to https://power.larc.nasa.gov/api/temporal/hourly/point?community=SB&parameters=&longitude=-84.6667&latitude=39.05&start=20240101&end=20241231&format=EPW: HTTPSConnectionPool(host='power.larc.nasa.gov', port=443): Max retries exceeded with url: /api/temporal/hourly/point?community=SB&parameters=&longitude=-84.6667&latitude=39.05&start=20240101&end=20241231&format=EPW (Caused by SSLError(SSLCertVerificationError(1, '[SSL: CERTIFICATE_VERIFY_FAILED] certificate verify failed: self-signed certificate in certificate chain (_ssl.c:1016)'))).
Requests was using verify=/Users/cbianchi/opt/anaconda3/envs/EPWgen/lib/python3.11/site-packages/certifi/cacert.pem.
If you are on a network with SSL interception (corporate proxy), export the proxy's root cert and set EPWGEN_CA_BUNDLE to its path, or set EPWGEN_VERIFY=0 for debugging.
